Archive member included to satisfy reference by file (symbol)

/opt/st/stm32cubeide_1.6.1/plugins/com.st.stm32cube.ide.mcu.externaltools.gnu-tools-for-stm32.9-2020-q2-update.linux64_1.5.0.202011040924/tools/bin/../lib/gcc/arm-none-eabi/9.3.1/../../../../arm-none-eabi/lib/thumb/v7e-m+fp/hard/libc_nano.a(lib_a-errno.o)
                              Core/Src/syscalls.o (__errno)
/opt/st/stm32cubeide_1.6.1/plugins/com.st.stm32cube.ide.mcu.externaltools.gnu-tools-for-stm32.9-2020-q2-update.linux64_1.5.0.202011040924/tools/bin/../lib/gcc/arm-none-eabi/9.3.1/../../../../arm-none-eabi/lib/thumb/v7e-m+fp/hard/libc_nano.a(lib_a-exit.o)
                              /opt/st/stm32cubeide_1.6.1/plugins/com.st.stm32cube.ide.mcu.externaltools.gnu-tools-for-stm32.9-2020-q2-update.linux64_1.5.0.202011040924/tools/bin/../lib/gcc/arm-none-eabi/9.3.1/../../../../arm-none-eabi/lib/thumb/v7e-m+fp/hard/crt0.o (exit)
/opt/st/stm32cubeide_1.6.1/plugins/com.st.stm32cube.ide.mcu.externaltools.gnu-tools-for-stm32.9-2020-q2-update.linux64_1.5.0.202011040924/tools/bin/../lib/gcc/arm-none-eabi/9.3.1/../../../../arm-none-eabi/lib/thumb/v7e-m+fp/hard/libc_nano.a(lib_a-impure.o)
                              /opt/st/stm32cubeide_1.6.1/plugins/com.st.stm32cube.ide.mcu.externaltools.gnu-tools-for-stm32.9-2020-q2-update.linux64_1.5.0.202011040924/tools/bin/../lib/gcc/arm-none-eabi/9.3.1/../../../../arm-none-eabi/lib/thumb/v7e-m+fp/hard/libc_nano.a(lib_a-exit.o) (_global_impure_ptr)
/opt/st/stm32cubeide_1.6.1/plugins/com.st.stm32cube.ide.mcu.externaltools.gnu-tools-for-stm32.9-2020-q2-update.linux64_1.5.0.202011040924/tools/bin/../lib/gcc/arm-none-eabi/9.3.1/../../../../arm-none-eabi/lib/thumb/v7e-m+fp/hard/libc_nano.a(lib_a-init.o)
                              /opt/st/stm32cubeide_1.6.1/plugins/com.st.stm32cube.ide.mcu.externaltools.gnu-tools-for-stm32.9-2020-q2-update.linux64_1.5.0.202011040924/tools/bin/../lib/gcc/arm-none-eabi/9.3.1/../../../../arm-none-eabi/lib/thumb/v7e-m+fp/hard/crt0.o (__libc_init_array)
/opt/st/stm32cubeide_1.6.1/plugins/com.st.stm32cube.ide.mcu.externaltools.gnu-tools-for-stm32.9-2020-q2-update.linux64_1.5.0.202011040924/tools/bin/../lib/gcc/arm-none-eabi/9.3.1/../../../../arm-none-eabi/lib/thumb/v7e-m+fp/hard/libc_nano.a(lib_a-memset.o)
                              /opt/st/stm32cubeide_1.6.1/plugins/com.st.stm32cube.ide.mcu.externaltools.gnu-tools-for-stm32.9-2020-q2-update.linux64_1.5.0.202011040924/tools/bin/../lib/gcc/arm-none-eabi/9.3.1/../../../../arm-none-eabi/lib/thumb/v7e-m+fp/hard/crt0.o (memset)
/opt/st/stm32cubeide_1.6.1/plugins/com.st.stm32cube.ide.mcu.externaltools.gnu-tools-for-stm32.9-2020-q2-update.linux64_1.5.0.202011040924/tools/bin/../lib/gcc/arm-none-eabi/9.3.1/thumb/v7e-m+fp/hard/libgcc.a(_aeabi_uldivmod.o)
                              Drivers/STM32F4xx_HAL_Driver/Src/stm32f4xx_hal_rcc.o (__aeabi_uldivmod)
/opt/st/stm32cubeide_1.6.1/plugins/com.st.stm32cube.ide.mcu.externaltools.gnu-tools-for-stm32.9-2020-q2-update.linux64_1.5.0.202011040924/tools/bin/../lib/gcc/arm-none-eabi/9.3.1/thumb/v7e-m+fp/hard/libgcc.a(_udivmoddi4.o)
                              /opt/st/stm32cubeide_1.6.1/plugins/com.st.stm32cube.ide.mcu.externaltools.gnu-tools-for-stm32.9-2020-q2-update.linux64_1.5.0.202011040924/tools/bin/../lib/gcc/arm-none-eabi/9.3.1/thumb/v7e-m+fp/hard/libgcc.a(_aeabi_uldivmod.o) (__udivmoddi4)
/opt/st/stm32cubeide_1.6.1/plugins/com.st.stm32cube.ide.mcu.externaltools.gnu-tools-for-stm32.9-2020-q2-update.linux64_1.5.0.202011040924/tools/bin/../lib/gcc/arm-none-eabi/9.3.1/thumb/v7e-m+fp/hard/libgcc.a(_dvmd_tls.o)
                              /opt/st/stm32cubeide_1.6.1/plugins/com.st.stm32cube.ide.mcu.externaltools.gnu-tools-for-stm32.9-2020-q2-update.linux64_1.5.0.202011040924/tools/bin/../lib/gcc/arm-none-eabi/9.3.1/thumb/v7e-m+fp/hard/libgcc.a(_aeabi_uldivmod.o) (__aeabi_ldiv0)

Allocating common symbols
Common symbol       size              file

hcrc                0x8               Core/Src/crc.o
uwTick              0x4               Drivers/STM32F4xx_HAL_Driver/Src/stm32f4xx_hal.o
pFlash              0x20              Drivers/STM32F4xx_HAL_Driver/Src/stm32f4xx_hal_flash.o
huart1              0x44              Core/Src/usart.o

Discarded input sections

 .text          0x0000000000000000        0x0 /opt/st/stm32cubeide_1.6.1/plugins/com.st.stm32cube.ide.mcu.externaltools.gnu-tools-for-stm32.9-2020-q2-update.linux64_1.5.0.202011040924/tools/bin/../lib/gcc/arm-none-eabi/9.3.1/thumb/v7e-m+fp/hard/crti.o
 .data          0x0000000000000000        0x0 /opt/st/stm32cubeide_1.6.1/plugins/com.st.stm32cube.ide.mcu.externaltools.gnu-tools-for-stm32.9-2020-q2-update.linux64_1.5.0.202011040924/tools/bin/../lib/gcc/arm-none-eabi/9.3.1/thumb/v7e-m+fp/hard/crti.o
[...]
Memory Configuration

Name             Origin             Length             Attributes
CCMRAM           0x0000000010000000 0x0000000000010000 xrw
RAM              0x0000000020000000 0x0000000000030000 xrw
FLASH            0x0000000008000000 0x0000000000200000 xr
*default*        0x0000000000000000 0xffffffffffffffff

Linker script and memory map

LOAD /opt/st/stm32cubeide_1.6.1/plugins/com.st.stm32cube.ide.mcu.externaltools.gnu-tools-for-stm32.9-2020-q2-update.linux64_1.5.0.202011040924/tools/bin/../lib/gcc/arm-none-eabi/9.3.1/thumb/v7e-m+fp/hard/crti.o
LOAD /opt/st/stm32cubeide_1.6.1/plugins/com.st.stm32cube.ide.mcu.externaltools.gnu-tools-for-stm32.9-2020-q2-update.linux64_1.5.0.202011040924/tools/bin/../lib/gcc/arm-none-eabi/9.3.1/thumb/v7e-m+fp/hard/crtbegin.o
LOAD /opt/st/stm32cubeide_1.6.1/plugins/com.st.stm32cube.ide.mcu.externaltools.gnu-tools-for-stm32.9-2020-q2-update.linux64_1.5.0.202011040924/tools/bin/../lib/gcc/arm-none-eabi/9.3.1/../../../../arm-none-eabi/lib/thumb/v7e-m+fp/hard/crt0.o
LOAD Core/Src/crc.o
LOAD Core/Src/gpio.o
LOAD Core/Src/main.o
LOAD Core/Src/stm32f4xx_hal_msp.o
LOAD Core/Src/stm32f4xx_it.o
LOAD Core/Src/syscalls.o
LOAD Core/Src/sysmem.o
LOAD Core/Src/system_stm32f4xx.o
LOAD Core/Src/usart.o
LOAD Core/Startup/startup_stm32f429zitx.o
LOAD Drivers/STM32F4xx_HAL_Driver/Src/stm32f4xx_hal.o
LOAD Drivers/STM32F4xx_HAL_Driver/Src/stm32f4xx_hal_cortex.o
LOAD Drivers/STM32F4xx_HAL_Driver/Src/stm32f4xx_hal_crc.o
LOAD Drivers/STM32F4xx_HAL_Driver/Src/stm32f4xx_hal_dma.o
LOAD Drivers/STM32F4xx_HAL_Driver/Src/stm32f4xx_hal_dma_ex.o
LOAD Drivers/STM32F4xx_HAL_Driver/Src/stm32f4xx_hal_exti.o
LOAD Drivers/STM32F4xx_HAL_Driver/Src/stm32f4xx_hal_flash.o
LOAD Drivers/STM32F4xx_HAL_Driver/Src/stm32f4xx_hal_flash_ex.o
LOAD Drivers/STM32F4xx_HAL_Driver/Src/stm32f4xx_hal_flash_ramfunc.o
LOAD Drivers/STM32F4xx_HAL_Driver/Src/stm32f4xx_hal_gpio.o
LOAD Drivers/STM32F4xx_HAL_Driver/Src/stm32f4xx_hal_pwr.o
LOAD Drivers/STM32F4xx_HAL_Driver/Src/stm32f4xx_hal_pwr_ex.o
LOAD Drivers/STM32F4xx_HAL_Driver/Src/stm32f4xx_hal_rcc.o
LOAD Drivers/STM32F4xx_HAL_Driver/Src/stm32f4xx_hal_rcc_ex.o
LOAD Drivers/STM32F4xx_HAL_Driver/Src/stm32f4xx_hal_tim.o
LOAD Drivers/STM32F4xx_HAL_Driver/Src/stm32f4xx_hal_tim_ex.o
LOAD Drivers/STM32F4xx_HAL_Driver/Src/stm32f4xx_hal_uart.o
START GROUP
LOAD /opt/st/stm32cubeide_1.6.1/plugins/com.st.stm32cube.ide.mcu.externaltools.gnu-tools-for-stm32.9-2020-q2-update.linux64_1.5.0.202011040924/tools/bin/../lib/gcc/arm-none-eabi/9.3.1/../../../../arm-none-eabi/lib/thumb/v7e-m+fp/hard/libc_nano.a
LOAD /opt/st/stm32cubeide_1.6.1/plugins/com.st.stm32cube.ide.mcu.externaltools.gnu-tools-for-stm32.9-2020-q2-update.linux64_1.5.0.202011040924/tools/bin/../lib/gcc/arm-none-eabi/9.3.1/../../../../arm-none-eabi/lib/thumb/v7e-m+fp/hard/libm.a
END GROUP
START GROUP
LOAD /opt/st/stm32cubeide_1.6.1/plugins/com.st.stm32cube.ide.mcu.externaltools.gnu-tools-for-stm32.9-2020-q2-update.linux64_1.5.0.202011040924/tools/bin/../lib/gcc/arm-none-eabi/9.3.1/thumb/v7e-m+fp/hard/libgcc.a
LOAD /opt/st/stm32cubeide_1.6.1/plugins/com.st.stm32cube.ide.mcu.externaltools.gnu-tools-for-stm32.9-2020-q2-update.linux64_1.5.0.202011040924/tools/bin/../lib/gcc/arm-none-eabi/9.3.1/../../../../arm-none-eabi/lib/thumb/v7e-m+fp/hard/libc_nano.a
END GROUP
START GROUP
LOAD /opt/st/stm32cubeide_1.6.1/plugins/com.st.stm32cube.ide.mcu.externaltools.gnu-tools-for-stm32.9-2020-q2-update.linux64_1.5.0.202011040924/tools/bin/../lib/gcc/arm-none-eabi/9.3.1/thumb/v7e-m+fp/hard/libgcc.a
LOAD /opt/st/stm32cubeide_1.6.1/plugins/com.st.stm32cube.ide.mcu.externaltools.gnu-tools-for-stm32.9-2020-q2-update.linux64_1.5.0.202011040924/tools/bin/../lib/gcc/arm-none-eabi/9.3.1/../../../../arm-none-eabi/lib/thumb/v7e-m+fp/hard/libc_nano.a
LOAD /opt/st/stm32cubeide_1.6.1/plugins/com.st.stm32cube.ide.mcu.externaltools.gnu-tools-for-stm32.9-2020-q2-update.linux64_1.5.0.202011040924/tools/bin/../lib/gcc/arm-none-eabi/9.3.1/../../../../arm-none-eabi/lib/thumb/v7e-m+fp/hard/libnosys.a
END GROUP
START GROUP
LOAD /opt/st/stm32cubeide_1.6.1/plugins/com.st.stm32cube.ide.mcu.externaltools.gnu-tools-for-stm32.9-2020-q2-update.linux64_1.5.0.202011040924/tools/bin/../lib/gcc/arm-none-eabi/9.3.1/thumb/v7e-m+fp/hard/libgcc.a
LOAD /opt/st/stm32cubeide_1.6.1/plugins/com.st.stm32cube.ide.mcu.externaltools.gnu-tools-for-stm32.9-2020-q2-update.linux64_1.5.0.202011040924/tools/bin/../lib/gcc/arm-none-eabi/9.3.1/../../../../arm-none-eabi/lib/thumb/v7e-m+fp/hard/libc_nano.a
LOAD /opt/st/stm32cubeide_1.6.1/plugins/com.st.stm32cube.ide.mcu.externaltools.gnu-tools-for-stm32.9-2020-q2-update.linux64_1.5.0.202011040924/tools/bin/../lib/gcc/arm-none-eabi/9.3.1/../../../../arm-none-eabi/lib/thumb/v7e-m+fp/hard/libnosys.a
END GROUP
LOAD /opt/st/stm32cubeide_1.6.1/plugins/com.st.stm32cube.ide.mcu.externaltools.gnu-tools-for-stm32.9-2020-q2-update.linux64_1.5.0.202011040924/tools/bin/../lib/gcc/arm-none-eabi/9.3.1/thumb/v7e-m+fp/hard/crtend.o
LOAD /opt/st/stm32cubeide_1.6.1/plugins/com.st.stm32cube.ide.mcu.externaltools.gnu-tools-for-stm32.9-2020-q2-update.linux64_1.5.0.202011040924/tools/bin/../lib/gcc/arm-none-eabi/9.3.1/thumb/v7e-m+fp/hard/crtn.o
                0x0000000008000000                _flash_start = ORIGIN (FLASH)
                0x0000000008200000                _flash_end = (ORIGIN (FLASH) + LENGTH (FLASH))
                0x0000000020000000                _ram_start = ORIGIN (RAM)
                0x0000000020030000                _ram_end = (ORIGIN (RAM) + LENGTH (RAM))
                0x0000000020030000                _estack = (ORIGIN (RAM) + LENGTH (RAM))
                0x0000000000000000                _Min_Heap_Size = 0x0
                0x0000000000000400                _Min_Stack_Size = 0x400

.isr_vector     0x0000000008000000      0x1ac
                0x0000000008000000                . = ALIGN (0x4)
 *(.isr_vector)
 .isr_vector    0x0000000008000000      0x1ac Core/Startup/startup_stm32f429zitx.o
                0x0000000008000000                g_pfnVectors
                0x00000000080001ac                . = ALIGN (0x4)

.text           0x00000000080001ac     0x3748
                0x00000000080001ac                . = ALIGN (0x4)
 *(.text)
 .text          0x00000000080001ac       0x40 /opt/st/stm32cubeide_1.6.1/plugins/com.st.stm32cube.ide.mcu.externaltools.gnu-tools-for-stm32.9-2020-q2-update.linux64_1.5.0.202011040924/tools/bin/../lib/gcc/arm-none-eabi/9.3.1/thumb/v7e-m+fp/hard/crtbegin.o
 .text          0x00000000080001ec       0x30 /opt/st/stm32cubeide_1.6.1/plugins/com.st.stm32cube.ide.mcu.externaltools.gnu-tools-for-stm32.9-2020-q2-update.linux64_1.5.0.202011040924/tools/bin/../lib/gcc/arm-none-eabi/9.3.1/thumb/v7e-m+fp/hard/libgcc.a(_aeabi_uldivmod.o)
                0x00000000080001ec                __aeabi_uldivmod
 .text          0x000000000800021c      0x2c4 /opt/st/stm32cubeide_1.6.1/plugins/com.st.stm32cube.ide.mcu.externaltools.gnu-tools-for-stm32.9-2020-q2-update.linux64_1.5.0.202011040924/tools/bin/../lib/gcc/arm-none-eabi/9.3.1/thumb/v7e-m+fp/hard/libgcc.a(_udivmoddi4.o)
                0x000000000800021c                __udivmoddi4
 .text          0x00000000080004e0        0x4 /opt/st/stm32cubeide_1.6.1/plugins/com.st.stm32cube.ide.mcu.externaltools.gnu-tools-for-stm32.9-2020-q2-update.linux64_1.5.0.202011040924/tools/bin/../lib/gcc/arm-none-eabi/9.3.1/thumb/v7e-m+fp/hard/libgcc.a(_dvmd_tls.o)
                0x00000000080004e0                __aeabi_ldiv0
                0x00000000080004e0                __aeabi_idiv0
 *(.text*)
 .text.MX_CRC_Init
                0x00000000080004e4       0x28 Core/Src/crc.o
                0x00000000080004e4                MX_CRC_Init
 .text.HAL_CRC_MspInit
                0x000000000800050c       0x44 Core/Src/crc.o
                0x000000000800050c                HAL_CRC_MspInit
 .text.HAL_CRC_MspDeInit
                0x0000000008000550       0x34 Core/Src/crc.o
                0x0000000008000550                HAL_CRC_MspDeInit
 .text.MX_GPIO_Init
                0x0000000008000584       0xc4 Core/Src/gpio.o
                0x0000000008000584                MX_GPIO_Init
 .text.BL_VerifyCommand
                0x0000000008000648       0x60 Core/Src/main.o
 .text.BL_VerifyChecksum
                0x00000000080006a8       0x72 Core/Src/main.o
 .text.BL_ReverseBytes
                0x000000000800071a       0x4c Core/Src/main.o
 *fill*         0x0000000008000766        0x2 
 .text.BL_Get   0x0000000008000768       0x58 Core/Src/main.o
 .text.BL_GetVersionAndProtectionStatus
                0x00000000080007c0       0x40 Core/Src/main.o
 .text.BL_GetID
                0x0000000008000800       0x40 Core/Src/main.o
 .text.BL_ReadMemory
                0x0000000008000840       0xf4 Core/Src/main.o
 .text.BL_Go    0x0000000008000934       0xf4 Core/Src/main.o
 .text.BL_WriteMemory
                0x0000000008000a28      0x200 Core/Src/main.o
 .text.BL_EraseMemory
                0x0000000008000c28      0x134 Core/Src/main.o
 .text.BL_WriteProtect
                0x0000000008000d5c       0xfc Core/Src/main.o
 .text.BL_WriteUnprotect
                0x0000000008000e58       0x8c Core/Src/main.o
 .text.BL_ReadoutProtect
                0x0000000008000ee4       0x80 Core/Src/main.o
 .text.BL_ReadoutUnprotect
                0x0000000008000f64       0x6c Core/Src/main.o
 .text.main     0x0000000008000fd0      0x22c Core/Src/main.o
                0x0000000008000fd0                main
 .text.SystemClock_Config
                0x00000000080011fc       0xe4 Core/Src/main.o
                0x00000000080011fc                SystemClock_Config
 .text.Error_Handler
                0x00000000080012e0        0xa Core/Src/main.o
                0x00000000080012e0                Error_Handler
 *fill*         0x00000000080012ea        0x2 
 .text.HAL_MspInit
                0x00000000080012ec       0x50 Core/Src/stm32f4xx_hal_msp.o
                0x00000000080012ec                HAL_MspInit
 .text.NMI_Handler
                0x000000000800133c        0x6 Core/Src/stm32f4xx_it.o
                0x000000000800133c                NMI_Handler
 .text.HardFault_Handler
                0x0000000008001342        0x6 Core/Src/stm32f4xx_it.o
                0x0000000008001342                HardFault_Handler
 .text.MemManage_Handler
                0x0000000008001348        0x6 Core/Src/stm32f4xx_it.o
                0x0000000008001348                MemManage_Handler
 .text.BusFault_Handler
                0x000000000800134e        0x6 Core/Src/stm32f4xx_it.o
                0x000000000800134e                BusFault_Handler
 .text.UsageFault_Handler
                0x0000000008001354        0x6 Core/Src/stm32f4xx_it.o
                0x0000000008001354                UsageFault_Handler
 .text.SVC_Handler
                0x000000000800135a        0xe Core/Src/stm32f4xx_it.o
                0x000000000800135a                SVC_Handler
 .text.DebugMon_Handler
                0x0000000008001368        0xe Core/Src/stm32f4xx_it.o
                0x0000000008001368                DebugMon_Handler
 .text.PendSV_Handler
                0x0000000008001376        0xe Core/Src/stm32f4xx_it.o
                0x0000000008001376                PendSV_Handler
 .text.SysTick_Handler
                0x0000000008001384        0xc Core/Src/stm32f4xx_it.o
                0x0000000008001384                SysTick_Handler
 .text.SystemInit
                0x0000000008001390       0x24 Core/Src/system_stm32f4xx.o
                0x0000000008001390                SystemInit
 .text.MX_USART1_UART_Init
                0x00000000080013b4       0x58 Core/Src/usart.o
                0x00000000080013b4                MX_USART1_UART_Init
 .text.HAL_UART_MspInit
                0x000000000800140c       0x90 Core/Src/usart.o
                0x000000000800140c                HAL_UART_MspInit
 .text.HAL_UART_MspDeInit
                0x000000000800149c       0x3c Core/Src/usart.o
                0x000000000800149c                HAL_UART_MspDeInit
 .text.Reset_Handler
                0x00000000080014d8       0x50 Core/Startup/startup_stm32f429zitx.o
                0x00000000080014d8                Reset_Handler
 .text.Default_Handler
                0x0000000008001528        0x2 Core/Startup/startup_stm32f429zitx.o
                0x0000000008001528                RTC_Alarm_IRQHandler
                0x0000000008001528                HASH_RNG_IRQHandler
                0x0000000008001528                EXTI2_IRQHandler
                0x0000000008001528                TIM8_CC_IRQHandler
                0x0000000008001528                UART8_IRQHandler
                0x0000000008001528                SPI4_IRQHandler
                0x0000000008001528                TIM1_CC_IRQHandler
                0x0000000008001528                DMA2_Stream5_IRQHandler
                0x0000000008001528                DMA1_Stream5_IRQHandler
                0x0000000008001528                PVD_IRQHandler
                0x0000000008001528                SDIO_IRQHandler
                0x0000000008001528                TAMP_STAMP_IRQHandler
                0x0000000008001528                CAN2_RX1_IRQHandler
                0x0000000008001528                EXTI3_IRQHandler
                0x0000000008001528                TIM8_TRG_COM_TIM14_IRQHandler
                0x0000000008001528                TIM1_UP_TIM10_IRQHandler
                0x0000000008001528                TIM8_UP_TIM13_IRQHandler
                0x0000000008001528                I2C3_ER_IRQHandler
                0x0000000008001528                EXTI0_IRQHandler
                0x0000000008001528                I2C2_EV_IRQHandler
                0x0000000008001528                DMA1_Stream2_IRQHandler
                0x0000000008001528                CAN1_RX0_IRQHandler
                0x0000000008001528                FPU_IRQHandler
                0x0000000008001528                OTG_HS_WKUP_IRQHandler
                0x0000000008001528                LTDC_ER_IRQHandler
                0x0000000008001528                CAN2_SCE_IRQHandler
                0x0000000008001528                DMA2_Stream2_IRQHandler
                0x0000000008001528                SPI1_IRQHandler
                0x0000000008001528                TIM6_DAC_IRQHandler
                0x0000000008001528                TIM1_BRK_TIM9_IRQHandler
                0x0000000008001528                DCMI_IRQHandler
                0x0000000008001528                CAN2_RX0_IRQHandler
                0x0000000008001528                DMA2_Stream3_IRQHandler
                0x0000000008001528                USART6_IRQHandler
                0x0000000008001528                USART3_IRQHandler
                0x0000000008001528                CAN1_RX1_IRQHandler
                0x0000000008001528                UART5_IRQHandler
                0x0000000008001528                DMA2_Stream0_IRQHandler
                0x0000000008001528                TIM4_IRQHandler
                0x0000000008001528                I2C1_EV_IRQHandler
                0x0000000008001528                DMA1_Stream6_IRQHandler
                0x0000000008001528                DMA1_Stream1_IRQHandler
                0x0000000008001528                UART4_IRQHandler
                0x0000000008001528                TIM3_IRQHandler
                0x0000000008001528                RCC_IRQHandler
                0x0000000008001528                TIM8_BRK_TIM12_IRQHandler
                0x0000000008001528                Default_Handler
                0x0000000008001528                EXTI15_10_IRQHandler
                0x0000000008001528                ADC_IRQHandler
                0x0000000008001528                DMA1_Stream7_IRQHandler
                0x0000000008001528                SPI5_IRQHandler
                0x0000000008001528                TIM7_IRQHandler
                0x0000000008001528                CAN2_TX_IRQHandler
                0x0000000008001528                TIM5_IRQHandler
                0x0000000008001528                DMA2_Stream7_IRQHandler
                0x0000000008001528                I2C3_EV_IRQHandler
                0x0000000008001528                EXTI9_5_IRQHandler
                0x0000000008001528                RTC_WKUP_IRQHandler
                0x0000000008001528                LTDC_IRQHandler
                0x0000000008001528                ETH_WKUP_IRQHandler
                0x0000000008001528                SPI2_IRQHandler
                0x0000000008001528                OTG_HS_EP1_IN_IRQHandler
                0x0000000008001528                DMA1_Stream0_IRQHandler
                0x0000000008001528                CAN1_TX_IRQHandler
                0x0000000008001528                EXTI4_IRQHandler
                0x0000000008001528                ETH_IRQHandler
                0x0000000008001528                OTG_HS_EP1_OUT_IRQHandler
                0x0000000008001528                WWDG_IRQHandler
                0x0000000008001528                SPI6_IRQHandler
                0x0000000008001528                TIM2_IRQHandler
                0x0000000008001528                OTG_FS_WKUP_IRQHandler
                0x0000000008001528                TIM1_TRG_COM_TIM11_IRQHandler
                0x0000000008001528                OTG_HS_IRQHandler
                0x0000000008001528                DMA2D_IRQHandler
                0x0000000008001528                EXTI1_IRQHandler
                0x0000000008001528                UART7_IRQHandler
                0x0000000008001528                USART2_IRQHandler
                0x0000000008001528                I2C2_ER_IRQHandler
                0x0000000008001528                DMA2_Stream1_IRQHandler
                0x0000000008001528                CAN1_SCE_IRQHandler
                0x0000000008001528                FLASH_IRQHandler
                0x0000000008001528                DMA2_Stream4_IRQHandler
                0x0000000008001528                USART1_IRQHandler
                0x0000000008001528                OTG_FS_IRQHandler
                0x0000000008001528                SPI3_IRQHandler
                0x0000000008001528                DMA1_Stream4_IRQHandler
                0x0000000008001528                I2C1_ER_IRQHandler
                0x0000000008001528                FMC_IRQHandler
                0x0000000008001528                DMA2_Stream6_IRQHandler
                0x0000000008001528                SAI1_IRQHandler
                0x0000000008001528                DMA1_Stream3_IRQHandler
 *fill*         0x000000000800152a        0x2 
 .text.HAL_Init
                0x000000000800152c       0x44 Drivers/STM32F4xx_HAL_Driver/Src/stm32f4xx_hal.o
                0x000000000800152c                HAL_Init
 .text.HAL_InitTick
                0x0000000008001570       0x60 Drivers/STM32F4xx_HAL_Driver/Src/stm32f4xx_hal.o
                0x0000000008001570                HAL_InitTick
 .text.HAL_IncTick
                0x00000000080015d0       0x28 Drivers/STM32F4xx_HAL_Driver/Src/stm32f4xx_hal.o
                0x00000000080015d0                HAL_IncTick
 .text.HAL_GetTick
                0x00000000080015f8       0x18 Drivers/STM32F4xx_HAL_Driver/Src/stm32f4xx_hal.o
                0x00000000080015f8                HAL_GetTick
 .text.__NVIC_SetPriorityGrouping
                0x0000000008001610       0x48 Drivers/STM32F4xx_HAL_Driver/Src/stm32f4xx_hal_cortex.o
 .text.__NVIC_GetPriorityGrouping
                0x0000000008001658       0x1c Drivers/STM32F4xx_HAL_Driver/Src/stm32f4xx_hal_cortex.o
 .text.__NVIC_SetPriority
                0x0000000008001674       0x54 Drivers/STM32F4xx_HAL_Driver/Src/stm32f4xx_hal_cortex.o
 .text.NVIC_EncodePriority
                0x00000000080016c8       0x66 Drivers/STM32F4xx_HAL_Driver/Src/stm32f4xx_hal_cortex.o
 *fill*         0x000000000800172e        0x2 
 .text.SysTick_Config
                0x0000000008001730       0x44 Drivers/STM32F4xx_HAL_Driver/Src/stm32f4xx_hal_cortex.o
 .text.HAL_NVIC_SetPriorityGrouping
                0x0000000008001774       0x16 Drivers/STM32F4xx_HAL_Driver/Src/stm32f4xx_hal_cortex.o
                0x0000000008001774                HAL_NVIC_SetPriorityGrouping
 .text.HAL_NVIC_SetPriority
                0x000000000800178a       0x38 Drivers/STM32F4xx_HAL_Driver/Src/stm32f4xx_hal_cortex.o
                0x000000000800178a                HAL_NVIC_SetPriority
 .text.HAL_SYSTICK_Config
                0x00000000080017c2       0x18 Drivers/STM32F4xx_HAL_Driver/Src/stm32f4xx_hal_cortex.o
                0x00000000080017c2                HAL_SYSTICK_Config
 .text.HAL_CRC_Init
                0x00000000080017da       0x38 Drivers/STM32F4xx_HAL_Driver/Src/stm32f4xx_hal_crc.o
                0x00000000080017da                HAL_CRC_Init
 *fill*         0x0000000008001812        0x2 
 .text.HAL_FLASH_Program
                0x0000000008001814       0xa8 Drivers/STM32F4xx_HAL_Driver/Src/stm32f4xx_hal_flash.o
                0x0000000008001814                HAL_FLASH_Program
 .text.HAL_FLASH_Unlock
                0x00000000080018bc       0x44 Drivers/STM32F4xx_HAL_Driver/Src/stm32f4xx_hal_flash.o
                0x00000000080018bc                HAL_FLASH_Unlock
 .text.HAL_FLASH_Lock
                0x0000000008001900       0x20 Drivers/STM32F4xx_HAL_Driver/Src/stm32f4xx_hal_flash.o
                0x0000000008001900                HAL_FLASH_Lock
 .text.HAL_FLASH_OB_Unlock
                0x0000000008001920       0x38 Drivers/STM32F4xx_HAL_Driver/Src/stm32f4xx_hal_flash.o
                0x0000000008001920                HAL_FLASH_OB_Unlock
 .text.HAL_FLASH_OB_Lock
                0x0000000008001958       0x20 Drivers/STM32F4xx_HAL_Driver/Src/stm32f4xx_hal_flash.o
                0x0000000008001958                HAL_FLASH_OB_Lock
 .text.FLASH_WaitForLastOperation
                0x0000000008001978       0x80 Drivers/STM32F4xx_HAL_Driver/Src/stm32f4xx_hal_flash.o
                0x0000000008001978                FLASH_WaitForLastOperation
 .text.FLASH_Program_DoubleWord
                0x00000000080019f8       0x64 Drivers/STM32F4xx_HAL_Driver/Src/stm32f4xx_hal_flash.o
 .text.FLASH_Program_Word
                0x0000000008001a5c       0x44 Drivers/STM32F4xx_HAL_Driver/Src/stm32f4xx_hal_flash.o
 .text.FLASH_Program_HalfWord
                0x0000000008001aa0       0x48 Drivers/STM32F4xx_HAL_Driver/Src/stm32f4xx_hal_flash.o
 .text.FLASH_Program_Byte
                0x0000000008001ae8       0x44 Drivers/STM32F4xx_HAL_Driver/Src/stm32f4xx_hal_flash.o
 .text.FLASH_SetErrorCode
                0x0000000008001b2c       0xcc Drivers/STM32F4xx_HAL_Driver/Src/stm32f4xx_hal_flash.o
 .text.HAL_FLASHEx_Erase
                0x0000000008001bf8       0xe4 Drivers/STM32F4xx_HAL_Driver/Src/stm32f4xx_hal_flash_ex.o
                0x0000000008001bf8                HAL_FLASHEx_Erase
 .text.HAL_FLASHEx_OBProgram
                0x0000000008001cdc       0xdc Drivers/STM32F4xx_HAL_Driver/Src/stm32f4xx_hal_flash_ex.o
                0x0000000008001cdc                HAL_FLASHEx_OBProgram
 .text.FLASH_MassErase
                0x0000000008001db8       0x74 Drivers/STM32F4xx_HAL_Driver/Src/stm32f4xx_hal_flash_ex.o
 .text.FLASH_Erase_Sector
                0x0000000008001e2c       0x9c Drivers/STM32F4xx_HAL_Driver/Src/stm32f4xx_hal_flash_ex.o
                0x0000000008001e2c                FLASH_Erase_Sector
 .text.FLASH_OB_EnableWRP
                0x0000000008001ec8       0xdc Drivers/STM32F4xx_HAL_Driver/Src/stm32f4xx_hal_flash_ex.o
 .text.FLASH_OB_DisableWRP
                0x0000000008001fa4       0xcc Drivers/STM32F4xx_HAL_Driver/Src/stm32f4xx_hal_flash_ex.o
 .text.FLASH_OB_RDP_LevelConfig
                0x0000000008002070       0x34 Drivers/STM32F4xx_HAL_Driver/Src/stm32f4xx_hal_flash_ex.o
 .text.FLASH_OB_UserConfig
                0x00000000080020a4       0x60 Drivers/STM32F4xx_HAL_Driver/Src/stm32f4xx_hal_flash_ex.o
 .text.FLASH_OB_BOR_LevelConfig
                0x0000000008002104       0x3c Drivers/STM32F4xx_HAL_Driver/Src/stm32f4xx_hal_flash_ex.o
 .text.FLASH_FlushCaches
                0x0000000008002140       0x8c Drivers/STM32F4xx_HAL_Driver/Src/stm32f4xx_hal_flash_ex.o
                0x0000000008002140                FLASH_FlushCaches
 .text.HAL_GPIO_Init
                0x00000000080021cc      0x358 Drivers/STM32F4xx_HAL_Driver/Src/stm32f4xx_hal_gpio.o
                0x00000000080021cc                HAL_GPIO_Init
 .text.HAL_GPIO_DeInit
                0x0000000008002524      0x218 Drivers/STM32F4xx_HAL_Driver/Src/stm32f4xx_hal_gpio.o
                0x0000000008002524                HAL_GPIO_DeInit
 .text.HAL_GPIO_ReadPin
                0x000000000800273c       0x30 Drivers/STM32F4xx_HAL_Driver/Src/stm32f4xx_hal_gpio.o
                0x000000000800273c                HAL_GPIO_ReadPin
 .text.HAL_GPIO_WritePin
                0x000000000800276c       0x32 Drivers/STM32F4xx_HAL_Driver/Src/stm32f4xx_hal_gpio.o
                0x000000000800276c                HAL_GPIO_WritePin
 .text.HAL_GPIO_TogglePin
                0x000000000800279e       0x34 Drivers/STM32F4xx_HAL_Driver/Src/stm32f4xx_hal_gpio.o
                0x000000000800279e                HAL_GPIO_TogglePin
 *fill*         0x00000000080027d2        0x2 
 .text.HAL_PWREx_EnableOverDrive
                0x00000000080027d4       0xa0 Drivers/STM32F4xx_HAL_Driver/Src/stm32f4xx_hal_pwr_ex.o
                0x00000000080027d4                HAL_PWREx_EnableOverDrive
 .text.HAL_RCC_OscConfig
                0x0000000008002874      0x4f0 Drivers/STM32F4xx_HAL_Driver/Src/stm32f4xx_hal_rcc.o
                0x0000000008002874                HAL_RCC_OscConfig
 .text.HAL_RCC_ClockConfig
                0x0000000008002d64      0x1cc Drivers/STM32F4xx_HAL_Driver/Src/stm32f4xx_hal_rcc.o
                0x0000000008002d64                HAL_RCC_ClockConfig
 .text.HAL_RCC_GetSysClockFreq
                0x0000000008002f30      0x1c4 Drivers/STM32F4xx_HAL_Driver/Src/stm32f4xx_hal_rcc.o
                0x0000000008002f30                HAL_RCC_GetSysClockFreq
 .text.HAL_RCC_GetHCLKFreq
                0x00000000080030f4       0x18 Drivers/STM32F4xx_HAL_Driver/Src/stm32f4xx_hal_rcc.o
                0x00000000080030f4                HAL_RCC_GetHCLKFreq
 .text.HAL_RCC_GetPCLK1Freq
                0x000000000800310c       0x28 Drivers/STM32F4xx_HAL_Driver/Src/stm32f4xx_hal_rcc.o
                0x000000000800310c                HAL_RCC_GetPCLK1Freq
 .text.HAL_RCC_GetPCLK2Freq
                0x0000000008003134       0x28 Drivers/STM32F4xx_HAL_Driver/Src/stm32f4xx_hal_rcc.o
                0x0000000008003134                HAL_RCC_GetPCLK2Freq
 .text.HAL_UART_Init
                0x000000000800315c       0x9a Drivers/STM32F4xx_HAL_Driver/Src/stm32f4xx_hal_uart.o
                0x000000000800315c                HAL_UART_Init
 .text.HAL_UART_Transmit
                0x00000000080031f6      0x124 Drivers/STM32F4xx_HAL_Driver/Src/stm32f4xx_hal_uart.o
                0x00000000080031f6                HAL_UART_Transmit
 .text.HAL_UART_Receive
                0x000000000800331a      0x144 Drivers/STM32F4xx_HAL_Driver/Src/stm32f4xx_hal_uart.o
                0x000000000800331a                HAL_UART_Receive
 .text.UART_WaitOnFlagUntilTimeout
                0x000000000800345e       0x94 Drivers/STM32F4xx_HAL_Driver/Src/stm32f4xx_hal_uart.o
 *fill*         0x00000000080034f2        0x2 
 .text.UART_SetConfig
                0x00000000080034f4      0x390 Drivers/STM32F4xx_HAL_Driver/Src/stm32f4xx_hal_uart.o
 .text.__libc_init_array
                0x0000000008003884       0x48 /opt/st/stm32cubeide_1.6.1/plugins/com.st.stm32cube.ide.mcu.externaltools.gnu-tools-for-stm32.9-2020-q2-update.linux64_1.5.0.202011040924/tools/bin/../lib/gcc/arm-none-eabi/9.3.1/../../../../arm-none-eabi/lib/thumb/v7e-m+fp/hard/libc_nano.a(lib_a-init.o)
                0x0000000008003884                __libc_init_array
 .text.memset   0x00000000080038cc       0x10 /opt/st/stm32cubeide_1.6.1/plugins/com.st.stm32cube.ide.mcu.externaltools.gnu-tools-for-stm32.9-2020-q2-update.linux64_1.5.0.202011040924/tools/bin/../lib/gcc/arm-none-eabi/9.3.1/../../../../arm-none-eabi/lib/thumb/v7e-m+fp/hard/libc_nano.a(lib_a-memset.o)
                0x00000000080038cc                memset
 *(.glue_7)
 .glue_7        0x00000000080038dc        0x0 linker stubs
 *(.glue_7t)
 .glue_7t       0x00000000080038dc        0x0 linker stubs
 *(.eh_frame)
 .eh_frame      0x00000000080038dc        0x0 /opt/st/stm32cubeide_1.6.1/plugins/com.st.stm32cube.ide.mcu.externaltools.gnu-tools-for-stm32.9-2020-q2-update.linux64_1.5.0.202011040924/tools/bin/../lib/gcc/arm-none-eabi/9.3.1/thumb/v7e-m+fp/hard/crtbegin.o
 *(.init)
 .init          0x00000000080038dc        0x4 /opt/st/stm32cubeide_1.6.1/plugins/com.st.stm32cube.ide.mcu.externaltools.gnu-tools-for-stm32.9-2020-q2-update.linux64_1.5.0.202011040924/tools/bin/../lib/gcc/arm-none-eabi/9.3.1/thumb/v7e-m+fp/hard/crti.o
                0x00000000080038dc                _init
 .init          0x00000000080038e0        0x8 /opt/st/stm32cubeide_1.6.1/plugins/com.st.stm32cube.ide.mcu.externaltools.gnu-tools-for-stm32.9-2020-q2-update.linux64_1.5.0.202011040924/tools/bin/../lib/gcc/arm-none-eabi/9.3.1/thumb/v7e-m+fp/hard/crtn.o
 *(.fini)
 .fini          0x00000000080038e8        0x4 /opt/st/stm32cubeide_1.6.1/plugins/com.st.stm32cube.ide.mcu.externaltools.gnu-tools-for-stm32.9-2020-q2-update.linux64_1.5.0.202011040924/tools/bin/../lib/gcc/arm-none-eabi/9.3.1/thumb/v7e-m+fp/hard/crti.o
                0x00000000080038e8                _fini
 .fini          0x00000000080038ec        0x8 /opt/st/stm32cubeide_1.6.1/plugins/com.st.stm32cube.ide.mcu.externaltools.gnu-tools-for-stm32.9-2020-q2-update.linux64_1.5.0.202011040924/tools/bin/../lib/gcc/arm-none-eabi/9.3.1/thumb/v7e-m+fp/hard/crtn.o
                0x00000000080038f4                . = ALIGN (0x4)
                0x00000000080038f4                _etext = .

.vfp11_veneer   0x00000000080038f4        0x0
 .vfp11_veneer  0x00000000080038f4        0x0 linker stubs

.v4_bx          0x00000000080038f4        0x0
 .v4_bx         0x00000000080038f4        0x0 linker stubs

.iplt           0x00000000080038f4        0x0
 .iplt          0x00000000080038f4        0x0 /opt/st/stm32cubeide_1.6.1/plugins/com.st.stm32cube.ide.mcu.externaltools.gnu-tools-for-stm32.9-2020-q2-update.linux64_1.5.0.202011040924/tools/bin/../lib/gcc/arm-none-eabi/9.3.1/thumb/v7e-m+fp/hard/crtbegin.o

.rodata         0x00000000080038f4       0x24
                0x00000000080038f4                . = ALIGN (0x4)
 *(.rodata)
 *(.rodata*)
 .rodata.BL_Commands
                0x00000000080038f4        0xb Core/Src/main.o
 *fill*         0x00000000080038ff        0x1 
 .rodata.AHBPrescTable
                0x0000000008003900       0x10 Core/Src/system_stm32f4xx.o
                0x0000000008003900                AHBPrescTable
 .rodata.APBPrescTable
                0x0000000008003910        0x8 Core/Src/system_stm32f4xx.o
                0x0000000008003910                APBPrescTable
                0x0000000008003918                . = ALIGN (0x4)

.ARM.extab      0x0000000008003918        0x0
                0x0000000008003918                . = ALIGN (0x4)
 *(.ARM.extab* .gnu.linkonce.armextab.*)
                0x0000000008003918                . = ALIGN (0x4)

.ARM            0x0000000008003918        0x8
                0x0000000008003918                . = ALIGN (0x4)
                0x0000000008003918                __exidx_start = .
 *(.ARM.exidx*)
 .ARM.exidx     0x0000000008003918        0x8 /opt/st/stm32cubeide_1.6.1/plugins/com.st.stm32cube.ide.mcu.externaltools.gnu-tools-for-stm32.9-2020-q2-update.linux64_1.5.0.202011040924/tools/bin/../lib/gcc/arm-none-eabi/9.3.1/thumb/v7e-m+fp/hard/libgcc.a(_udivmoddi4.o)
                0x0000000008003920                __exidx_end = .
                0x0000000008003920                . = ALIGN (0x4)

.rel.dyn        0x0000000008003920        0x0
 .rel.iplt      0x0000000008003920        0x0 /opt/st/stm32cubeide_1.6.1/plugins/com.st.stm32cube.ide.mcu.externaltools.gnu-tools-for-stm32.9-2020-q2-update.linux64_1.5.0.202011040924/tools/bin/../lib/gcc/arm-none-eabi/9.3.1/thumb/v7e-m+fp/hard/crtbegin.o

.preinit_array  0x0000000008003920        0x0
                0x0000000008003920                . = ALIGN (0x4)
                0x0000000008003920                PROVIDE (__preinit_array_start = .)
 *(.preinit_array*)
                0x0000000008003920                PROVIDE (__preinit_array_end = .)
                0x0000000008003920                . = ALIGN (0x4)

.init_array     0x0000000008003920        0x4
                0x0000000008003920                . = ALIGN (0x4)
                0x0000000008003920                PROVIDE (__init_array_start = .)
 *(SORT_BY_NAME(.init_array.*))
 *(.init_array*)
 .init_array    0x0000000008003920        0x4 /opt/st/stm32cubeide_1.6.1/plugins/com.st.stm32cube.ide.mcu.externaltools.gnu-tools-for-stm32.9-2020-q2-update.linux64_1.5.0.202011040924/tools/bin/../lib/gcc/arm-none-eabi/9.3.1/thumb/v7e-m+fp/hard/crtbegin.o
                0x0000000008003924                PROVIDE (__init_array_end = .)
                0x0000000008003924                . = ALIGN (0x4)

.fini_array     0x0000000008003924        0x4
                0x0000000008003924                . = ALIGN (0x4)
                [!provide]                        PROVIDE (__fini_array_start = .)
 *(SORT_BY_NAME(.fini_array.*))
 *(.fini_array*)
 .fini_array    0x0000000008003924        0x4 /opt/st/stm32cubeide_1.6.1/plugins/com.st.stm32cube.ide.mcu.externaltools.gnu-tools-for-stm32.9-2020-q2-update.linux64_1.5.0.202011040924/tools/bin/../lib/gcc/arm-none-eabi/9.3.1/thumb/v7e-m+fp/hard/crtbegin.o
                [!provide]                        PROVIDE (__fini_array_end = .)
                0x0000000008003928                . = ALIGN (0x4)
                0x0000000008003928                _sidata = LOADADDR (.data)

.data           0x0000000020000000        0xc load address 0x0000000008003928
                0x0000000020000000                . = ALIGN (0x4)
                0x0000000020000000                _sdata = .
 *(.data)
 *(.data*)
 .data.SystemCoreClock
                0x0000000020000000        0x4 Core/Src/system_stm32f4xx.o
                0x0000000020000000                SystemCoreClock
 .data.uwTickPrio
                0x0000000020000004        0x4 Drivers/STM32F4xx_HAL_Driver/Src/stm32f4xx_hal.o
                0x0000000020000004                uwTickPrio
 .data.uwTickFreq
                0x0000000020000008        0x1 Drivers/STM32F4xx_HAL_Driver/Src/stm32f4xx_hal.o
                0x0000000020000008                uwTickFreq
 *(.RamFunc)
 *(.RamFunc*)
                0x000000002000000c                . = ALIGN (0x4)
 *fill*         0x0000000020000009        0x3 
                0x000000002000000c                _edata = .

.igot.plt       0x000000002000000c        0x0 load address 0x0000000008003934
 .igot.plt      0x000000002000000c        0x0 /opt/st/stm32cubeide_1.6.1/plugins/com.st.stm32cube.ide.mcu.externaltools.gnu-tools-for-stm32.9-2020-q2-update.linux64_1.5.0.202011040924/tools/bin/../lib/gcc/arm-none-eabi/9.3.1/thumb/v7e-m+fp/hard/crtbegin.o
                0x000000002000000c                . = ALIGN (0x4)

.bss            0x000000002000000c      0x28c load address 0x0000000008003934
                0x000000002000000c                _sbss = .
                0x000000002000000c                __bss_start__ = _sbss
 *(.bss)
 .bss           0x000000002000000c       0x1c /opt/st/stm32cubeide_1.6.1/plugins/com.st.stm32cube.ide.mcu.externaltools.gnu-tools-for-stm32.9-2020-q2-update.linux64_1.5.0.202011040924/tools/bin/../lib/gcc/arm-none-eabi/9.3.1/thumb/v7e-m+fp/hard/crtbegin.o
 *(.bss*)
 .bss.BL_ReceiveBuffer
                0x0000000020000028       0xff Core/Src/main.o
 *fill*         0x0000000020000127        0x1 
 .bss.BL_TransmitBuffer
                0x0000000020000128       0xff Core/Src/main.o
 *(COMMON)
 *fill*         0x0000000020000227        0x1 
 COMMON         0x0000000020000228        0x8 Core/Src/crc.o
                0x0000000020000228                hcrc
 COMMON         0x0000000020000230       0x44 Core/Src/usart.o
                0x0000000020000230                huart1
 COMMON         0x0000000020000274        0x4 Drivers/STM32F4xx_HAL_Driver/Src/stm32f4xx_hal.o
                0x0000000020000274                uwTick
 COMMON         0x0000000020000278       0x20 Drivers/STM32F4xx_HAL_Driver/Src/stm32f4xx_hal_flash.o
                0x0000000020000278                pFlash
                0x0000000020000298                . = ALIGN (0x4)
                0x0000000020000298                _ebss = .
                0x0000000020000298                __bss_end__ = _ebss

._user_heap_stack
                0x0000000020000298      0x400 load address 0x0000000008003934
                0x0000000020000298                . = ALIGN (0x8)
                [!provide]                        PROVIDE (end = .)
                0x0000000020000298                PROVIDE (_end = .)
                0x0000000020000298                . = (. + _Min_Heap_Size)
                0x0000000020000698                . = (. + _Min_Stack_Size)
 *fill*         0x0000000020000298      0x400 
                0x0000000020000698                . = ALIGN (0x8)

/DISCARD/
 libc.a(*)
 libm.a(*)
 libgcc.a(*)

.ARM.attributes
                0x0000000000000000       0x30
 *(.ARM.attributes)
 .ARM.attributes
                0x0000000000000000       0x1e /opt/st/stm32cubeide_1.6.1/plugins/com.st.stm32cube.ide.mcu.externaltools.gnu-tools-for-stm32.9-2020-q2-update.linux64_1.5.0.202011040924/tools/bin/../lib/gcc/arm-none-eabi/9.3.1/thumb/v7e-m+fp/hard/crti.o
 .ARM.attributes
                0x000000000000001e       0x34 /opt/st/stm32cubeide_1.6.1/plugins/com.st.stm32cube.ide.mcu.externaltools.gnu-tools-for-stm32.9-2020-q2-update.linux64_1.5.0.202011040924/tools/bin/../lib/gcc/arm-none-eabi/9.3.1/thumb/v7e-m+fp/hard/crtbegin.o
 .ARM.attributes
                0x0000000000000052       0x34 Core/Src/crc.o
 .ARM.attributes
                0x0000000000000086       0x34 Core/Src/gpio.o
 .ARM.attributes
                0x00000000000000ba       0x34 Core/Src/main.o
 .ARM.attributes
                0x00000000000000ee       0x34 Core/Src/stm32f4xx_hal_msp.o
 .ARM.attributes
                0x0000000000000122       0x34 Core/Src/stm32f4xx_it.o
 .ARM.attributes
                0x0000000000000156       0x34 Core/Src/system_stm32f4xx.o
 .ARM.attributes
                0x000000000000018a       0x34 Core/Src/usart.o
 .ARM.attributes
                0x00000000000001be       0x21 Core/Startup/startup_stm32f429zitx.o
 .ARM.attributes
                0x00000000000001df       0x34 Drivers/STM32F4xx_HAL_Driver/Src/stm32f4xx_hal.o
 .ARM.attributes
                0x0000000000000213       0x34 Drivers/STM32F4xx_HAL_Driver/Src/stm32f4xx_hal_cortex.o
 .ARM.attributes
                0x0000000000000247       0x34 Drivers/STM32F4xx_HAL_Driver/Src/stm32f4xx_hal_crc.o
 .ARM.attributes
                0x000000000000027b       0x34 Drivers/STM32F4xx_HAL_Driver/Src/stm32f4xx_hal_flash.o
 .ARM.attributes
                0x00000000000002af       0x34 Drivers/STM32F4xx_HAL_Driver/Src/stm32f4xx_hal_flash_ex.o
 .ARM.attributes
                0x00000000000002e3       0x34 Drivers/STM32F4xx_HAL_Driver/Src/stm32f4xx_hal_gpio.o
 .ARM.attributes
                0x0000000000000317       0x34 Drivers/STM32F4xx_HAL_Driver/Src/stm32f4xx_hal_pwr_ex.o
 .ARM.attributes
                0x000000000000034b       0x34 Drivers/STM32F4xx_HAL_Driver/Src/stm32f4xx_hal_rcc.o
 .ARM.attributes
                0x000000000000037f       0x34 Drivers/STM32F4xx_HAL_Driver/Src/stm32f4xx_hal_uart.o
 .ARM.attributes
                0x00000000000003b3       0x34 /opt/st/stm32cubeide_1.6.1/plugins/com.st.stm32cube.ide.mcu.externaltools.gnu-tools-for-stm32.9-2020-q2-update.linux64_1.5.0.202011040924/tools/bin/../lib/gcc/arm-none-eabi/9.3.1/../../../../arm-none-eabi/lib/thumb/v7e-m+fp/hard/libc_nano.a(lib_a-init.o)
 .ARM.attributes
                0x00000000000003e7       0x34 /opt/st/stm32cubeide_1.6.1/plugins/com.st.stm32cube.ide.mcu.externaltools.gnu-tools-for-stm32.9-2020-q2-update.linux64_1.5.0.202011040924/tools/bin/../lib/gcc/arm-none-eabi/9.3.1/../../../../arm-none-eabi/lib/thumb/v7e-m+fp/hard/libc_nano.a(lib_a-memset.o)
 .ARM.attributes
                0x000000000000041b       0x1e /opt/st/stm32cubeide_1.6.1/plugins/com.st.stm32cube.ide.mcu.externaltools.gnu-tools-for-stm32.9-2020-q2-update.linux64_1.5.0.202011040924/tools/bin/../lib/gcc/arm-none-eabi/9.3.1/thumb/v7e-m+fp/hard/libgcc.a(_aeabi_uldivmod.o)
 .ARM.attributes
                0x0000000000000439       0x34 /opt/st/stm32cubeide_1.6.1/plugins/com.st.stm32cube.ide.mcu.externaltools.gnu-tools-for-stm32.9-2020-q2-update.linux64_1.5.0.202011040924/tools/bin/../lib/gcc/arm-none-eabi/9.3.1/thumb/v7e-m+fp/hard/libgcc.a(_udivmoddi4.o)
 .ARM.attributes
                0x000000000000046d       0x1e /opt/st/stm32cubeide_1.6.1/plugins/com.st.stm32cube.ide.mcu.externaltools.gnu-tools-for-stm32.9-2020-q2-update.linux64_1.5.0.202011040924/tools/bin/../lib/gcc/arm-none-eabi/9.3.1/thumb/v7e-m+fp/hard/libgcc.a(_dvmd_tls.o)
 .ARM.attributes
                0x000000000000048b       0x1e /opt/st/stm32cubeide_1.6.1/plugins/com.st.stm32cube.ide.mcu.externaltools.gnu-tools-for-stm32.9-2020-q2-update.linux64_1.5.0.202011040924/tools/bin/../lib/gcc/arm-none-eabi/9.3.1/thumb/v7e-m+fp/hard/crtn.o
OUTPUT(STM32 Bootloader.elf elf32-littlearm)
LOAD linker stubs
LOAD /opt/st/stm32cubeide_1.6.1/plugins/com.st.stm32cube.ide.mcu.externaltools.gnu-tools-for-stm32.9-2020-q2-update.linux64_1.5.0.202011040924/tools/bin/../lib/gcc/arm-none-eabi/9.3.1/../../../../arm-none-eabi/lib/thumb/v7e-m+fp/hard/libc.a
LOAD /opt/st/stm32cubeide_1.6.1/plugins/com.st.stm32cube.ide.mcu.externaltools.gnu-tools-for-stm32.9-2020-q2-update.linux64_1.5.0.202011040924/tools/bin/../lib/gcc/arm-none-eabi/9.3.1/../../../../arm-none-eabi/lib/thumb/v7e-m+fp/hard/libm.a
LOAD /opt/st/stm32cubeide_1.6.1/plugins/com.st.stm32cube.ide.mcu.externaltools.gnu-tools-for-stm32.9-2020-q2-update.linux64_1.5.0.202011040924/tools/bin/../lib/gcc/arm-none-eabi/9.3.1/thumb/v7e-m+fp/hard/libgcc.a

.debug_info     0x0000000000000000     0x9178
 .debug_info    0x0000000000000000      0x546 Core/Src/crc.o
 .debug_info    0x0000000000000546      0x511 Core/Src/gpio.o
 .debug_info    0x0000000000000a57     0x1349 Core/Src/main.o
 .debug_info    0x0000000000001da0      0x3b0 Core/Src/stm32f4xx_hal_msp.o
 .debug_info    0x0000000000002150      0x222 Core/Src/stm32f4xx_it.o
 .debug_info    0x0000000000002372      0x5c0 Core/Src/system_stm32f4xx.o
 .debug_info    0x0000000000002932      0xa20 Core/Src/usart.o
 .debug_info    0x0000000000003352       0x22 Core/Startup/startup_stm32f429zitx.o
 .debug_info    0x0000000000003374      0xa2a Drivers/STM32F4xx_HAL_Driver/Src/stm32f4xx_hal.o
 .debug_info    0x0000000000003d9e      0xf0d Drivers/STM32F4xx_HAL_Driver/Src/stm32f4xx_hal_cortex.o
 .debug_info    0x0000000000004cab      0x47a Drivers/STM32F4xx_HAL_Driver/Src/stm32f4xx_hal_crc.o
 .debug_info    0x0000000000005125      0x679 Drivers/STM32F4xx_HAL_Driver/Src/stm32f4xx_hal_flash.o
 .debug_info    0x000000000000579e      0x9bb Drivers/STM32F4xx_HAL_Driver/Src/stm32f4xx_hal_flash_ex.o
 .debug_info    0x0000000000006159      0x85a Drivers/STM32F4xx_HAL_Driver/Src/stm32f4xx_hal_gpio.o
 .debug_info    0x00000000000069b3      0x7ae Drivers/STM32F4xx_HAL_Driver/Src/stm32f4xx_hal_pwr_ex.o
 .debug_info    0x0000000000007161      0x9b2 Drivers/STM32F4xx_HAL_Driver/Src/stm32f4xx_hal_rcc.o
 .debug_info    0x0000000000007b13     0x1665 Drivers/STM32F4xx_HAL_Driver/Src/stm32f4xx_hal_uart.o

.debug_abbrev   0x0000000000000000     0x1f98
 .debug_abbrev  0x0000000000000000      0x177 Core/Src/crc.o
 .debug_abbrev  0x0000000000000177      0x14e Core/Src/gpio.o
 .debug_abbrev  0x00000000000002c5      0x2fd Core/Src/main.o
 .debug_abbrev  0x00000000000005c2      0x11d Core/Src/stm32f4xx_hal_msp.o
 .debug_abbrev  0x00000000000006df       0xd2 Core/Src/stm32f4xx_it.o
 .debug_abbrev  0x00000000000007b1      0x145 Core/Src/system_stm32f4xx.o
 .debug_abbrev  0x00000000000008f6      0x1bb Core/Src/usart.o
 .debug_abbrev  0x0000000000000ab1       0x12 Core/Startup/startup_stm32f429zitx.o
 .debug_abbrev  0x0000000000000ac3      0x1ed Drivers/STM32F4xx_HAL_Driver/Src/stm32f4xx_hal.o
 .debug_abbrev  0x0000000000000cb0      0x33c Drivers/STM32F4xx_HAL_Driver/Src/stm32f4xx_hal_cortex.o
 .debug_abbrev  0x0000000000000fec      0x1dd Drivers/STM32F4xx_HAL_Driver/Src/stm32f4xx_hal_crc.o
 .debug_abbrev  0x00000000000011c9      0x27c Drivers/STM32F4xx_HAL_Driver/Src/stm32f4xx_hal_flash.o
 .debug_abbrev  0x0000000000001445      0x288 Drivers/STM32F4xx_HAL_Driver/Src/stm32f4xx_hal_flash_ex.o
 .debug_abbrev  0x00000000000016cd      0x1f1 Drivers/STM32F4xx_HAL_Driver/Src/stm32f4xx_hal_gpio.o
 .debug_abbrev  0x00000000000018be      0x1da Drivers/STM32F4xx_HAL_Driver/Src/stm32f4xx_hal_pwr_ex.o
 .debug_abbrev  0x0000000000001a98      0x275 Drivers/STM32F4xx_HAL_Driver/Src/stm32f4xx_hal_rcc.o
 .debug_abbrev  0x0000000000001d0d      0x28b Drivers/STM32F4xx_HAL_Driver/Src/stm32f4xx_hal_uart.o

.debug_aranges  0x0000000000000000      0x910
 .debug_aranges
                0x0000000000000000       0x30 Core/Src/crc.o
 .debug_aranges
                0x0000000000000030       0x20 Core/Src/gpio.o
 .debug_aranges
                0x0000000000000050       0xa0 Core/Src/main.o
 .debug_aranges
                0x00000000000000f0       0x20 Core/Src/stm32f4xx_hal_msp.o
 .debug_aranges
                0x0000000000000110       0x60 Core/Src/stm32f4xx_it.o
 .debug_aranges
                0x0000000000000170       0x28 Core/Src/system_stm32f4xx.o
 .debug_aranges
                0x0000000000000198       0x30 Core/Src/usart.o
 .debug_aranges
                0x00000000000001c8       0x28 Core/Startup/startup_stm32f429zitx.o
 .debug_aranges
                0x00000000000001f0      0x100 Drivers/STM32F4xx_HAL_Driver/Src/stm32f4xx_hal.o
 .debug_aranges
                0x00000000000002f0      0x118 Drivers/STM32F4xx_HAL_Driver/Src/stm32f4xx_hal_cortex.o
 .debug_aranges
                0x0000000000000408       0x50 Drivers/STM32F4xx_HAL_Driver/Src/stm32f4xx_hal_crc.o
 .debug_aranges
                0x0000000000000458       0xa0 Drivers/STM32F4xx_HAL_Driver/Src/stm32f4xx_hal_flash.o
 .debug_aranges
                0x00000000000004f8       0xd8 Drivers/STM32F4xx_HAL_Driver/Src/stm32f4xx_hal_flash_ex.o
 .debug_aranges
                0x00000000000005d0       0x58 Drivers/STM32F4xx_HAL_Driver/Src/stm32f4xx_hal_gpio.o
 .debug_aranges
                0x0000000000000628       0x60 Drivers/STM32F4xx_HAL_Driver/Src/stm32f4xx_hal_pwr_ex.o
 .debug_aranges
                0x0000000000000688       0x88 Drivers/STM32F4xx_HAL_Driver/Src/stm32f4xx_hal_rcc.o
 .debug_aranges
                0x0000000000000710      0x200 Drivers/STM32F4xx_HAL_Driver/Src/stm32f4xx_hal_uart.o

.debug_ranges   0x0000000000000000      0x838
 .debug_ranges  0x0000000000000000       0x20 Core/Src/crc.o
 .debug_ranges  0x0000000000000020       0x10 Core/Src/gpio.o
 .debug_ranges  0x0000000000000030       0x90 Core/Src/main.o
 .debug_ranges  0x00000000000000c0       0x10 Core/Src/stm32f4xx_hal_msp.o
 .debug_ranges  0x00000000000000d0       0x50 Core/Src/stm32f4xx_it.o
 .debug_ranges  0x0000000000000120       0x18 Core/Src/system_stm32f4xx.o
 .debug_ranges  0x0000000000000138       0x20 Core/Src/usart.o
 .debug_ranges  0x0000000000000158       0x20 Core/Startup/startup_stm32f429zitx.o
 .debug_ranges  0x0000000000000178       0xf0 Drivers/STM32F4xx_HAL_Driver/Src/stm32f4xx_hal.o
 .debug_ranges  0x0000000000000268      0x108 Drivers/STM32F4xx_HAL_Driver/Src/stm32f4xx_hal_cortex.o
 .debug_ranges  0x0000000000000370       0x40 Drivers/STM32F4xx_HAL_Driver/Src/stm32f4xx_hal_crc.o
 .debug_ranges  0x00000000000003b0       0x90 Drivers/STM32F4xx_HAL_Driver/Src/stm32f4xx_hal_flash.o
 .debug_ranges  0x0000000000000440       0xc8 Drivers/STM32F4xx_HAL_Driver/Src/stm32f4xx_hal_flash_ex.o
 .debug_ranges  0x0000000000000508       0x48 Drivers/STM32F4xx_HAL_Driver/Src/stm32f4xx_hal_gpio.o
 .debug_ranges  0x0000000000000550       0x50 Drivers/STM32F4xx_HAL_Driver/Src/stm32f4xx_hal_pwr_ex.o
 .debug_ranges  0x00000000000005a0       0x78 Drivers/STM32F4xx_HAL_Driver/Src/stm32f4xx_hal_rcc.o
 .debug_ranges  0x0000000000000618      0x220 Drivers/STM32F4xx_HAL_Driver/Src/stm32f4xx_hal_uart.o

.debug_macro    0x0000000000000000    0x226da
 .debug_macro   0x0000000000000000      0x1dd Core/Src/crc.o
 .debug_macro   0x00000000000001dd      0xaa8 Core/Src/crc.o
 .debug_macro   0x0000000000000c85      0x29b Core/Src/crc.o
 .debug_macro   0x0000000000000f20       0x2e Core/Src/crc.o
 .debug_macro   0x0000000000000f4e       0x28 Core/Src/crc.o
 .debug_macro   0x0000000000000f76       0x22 Core/Src/crc.o
 .debug_macro   0x0000000000000f98       0x8e Core/Src/crc.o
 .debug_macro   0x0000000000001026       0x51 Core/Src/crc.o
 .debug_macro   0x0000000000001077      0x103 Core/Src/crc.o
 .debug_macro   0x000000000000117a       0x6a Core/Src/crc.o
 .debug_macro   0x00000000000011e4      0x1df Core/Src/crc.o
 .debug_macro   0x00000000000013c3       0x1c Core/Src/crc.o
 .debug_macro   0x00000000000013df       0x22 Core/Src/crc.o
 .debug_macro   0x0000000000001401       0xdf Core/Src/crc.o
 .debug_macro   0x00000000000014e0     0x102d Core/Src/crc.o
 .debug_macro   0x000000000000250d      0x11f Core/Src/crc.o
 .debug_macro   0x000000000000262c    0x17f6a Core/Src/crc.o
 .debug_macro   0x000000000001a596       0x43 Core/Src/crc.o
 .debug_macro   0x000000000001a5d9     0x36c9 Core/Src/crc.o
 .debug_macro   0x000000000001dca2      0x174 Core/Src/crc.o
 .debug_macro   0x000000000001de16       0x5c Core/Src/crc.o
 .debug_macro   0x000000000001de72      0xca5 Core/Src/crc.o
 .debug_macro   0x000000000001eb17      0x9fe Core/Src/crc.o
 .debug_macro   0x000000000001f515      0x117 Core/Src/crc.o
 .debug_macro   0x000000000001f62c      0x157 Core/Src/crc.o
 .debug_macro   0x000000000001f783       0x82 Core/Src/crc.o
 .debug_macro   0x000000000001f805      0x182 Core/Src/crc.o
 .debug_macro   0x000000000001f987      0x287 Core/Src/crc.o
 .debug_macro   0x000000000001fc0e       0x5f Core/Src/crc.o
 .debug_macro   0x000000000001fc6d      0x236 Core/Src/crc.o
 .debug_macro   0x000000000001fea3       0x22 Core/Src/crc.o
 .debug_macro   0x000000000001fec5      0x132 Core/Src/crc.o
 .debug_macro   0x000000000001fff7      0x41d Core/Src/crc.o
 .debug_macro   0x0000000000020414       0x2e Core/Src/crc.o
 .debug_macro   0x0000000000020442      0x11a Core/Src/crc.o
 .debug_macro   0x000000000002055c       0xe2 Core/Src/crc.o
 .debug_macro   0x000000000002063e       0x89 Core/Src/crc.o
 .debug_macro   0x00000000000206c7      0x295 Core/Src/crc.o
 .debug_macro   0x000000000002095c      0x134 Core/Src/crc.o
 .debug_macro   0x0000000000020a90       0x28 Core/Src/crc.o
 .debug_macro   0x0000000000020ab8      0x1dd Core/Src/gpio.o
 .debug_macro   0x0000000000020c95      0x261 Core/Src/main.o
 .debug_macro   0x0000000000020ef6      0x1d3 Core/Src/stm32f4xx_hal_msp.o
 .debug_macro   0x00000000000210c9      0x1dd Core/Src/stm32f4xx_it.o
 .debug_macro   0x00000000000212a6      0x1c4 Core/Src/system_stm32f4xx.o
 .debug_macro   0x000000000002146a      0x1dd Core/Src/usart.o
 .debug_macro   0x0000000000021647      0x224 Drivers/STM32F4xx_HAL_Driver/Src/stm32f4xx_hal.o
 .debug_macro   0x000000000002186b      0x1c4 Drivers/STM32F4xx_HAL_Driver/Src/stm32f4xx_hal_cortex.o
 .debug_macro   0x0000000000021a2f      0x1c4 Drivers/STM32F4xx_HAL_Driver/Src/stm32f4xx_hal_crc.o
 .debug_macro   0x0000000000021bf3      0x1ca Drivers/STM32F4xx_HAL_Driver/Src/stm32f4xx_hal_flash.o
 .debug_macro   0x0000000000021dbd      0x1ca Drivers/STM32F4xx_HAL_Driver/Src/stm32f4xx_hal_flash_ex.o
 .debug_macro   0x0000000000021f87      0x1ca Drivers/STM32F4xx_HAL_Driver/Src/stm32f4xx_hal_gpio.o
 .debug_macro   0x0000000000022151      0x1dc Drivers/STM32F4xx_HAL_Driver/Src/stm32f4xx_hal_pwr_ex.o
 .debug_macro   0x000000000002232d      0x1e8 Drivers/STM32F4xx_HAL_Driver/Src/stm32f4xx_hal_rcc.o
 .debug_macro   0x0000000000022515      0x1c5 Drivers/STM32F4xx_HAL_Driver/Src/stm32f4xx_hal_uart.o

.debug_line     0x0000000000000000     0xa5fb
 .debug_line    0x0000000000000000      0x6c4 Core/Src/crc.o
 .debug_line    0x00000000000006c4      0x6a1 Core/Src/gpio.o
 .debug_line    0x0000000000000d65      0xd7c Core/Src/main.o
 .debug_line    0x0000000000001ae1      0x68a Core/Src/stm32f4xx_hal_msp.o
 .debug_line    0x000000000000216b      0x74b Core/Src/stm32f4xx_it.o
 .debug_line    0x00000000000028b6      0x70a Core/Src/system_stm32f4xx.o
 .debug_line    0x0000000000002fc0      0x6f2 Core/Src/usart.o
 .debug_line    0x00000000000036b2       0x88 Core/Startup/startup_stm32f429zitx.o
 .debug_line    0x000000000000373a      0x9a6 Drivers/STM32F4xx_HAL_Driver/Src/stm32f4xx_hal.o
 .debug_line    0x00000000000040e0      0xc1f Drivers/STM32F4xx_HAL_Driver/Src/stm32f4xx_hal_cortex.o
 .debug_line    0x0000000000004cff      0x7cf Drivers/STM32F4xx_HAL_Driver/Src/stm32f4xx_hal_crc.o
 .debug_line    0x00000000000054ce      0xa02 Drivers/STM32F4xx_HAL_Driver/Src/stm32f4xx_hal_flash.o
 .debug_line    0x0000000000005ed0      0xc5a Drivers/STM32F4xx_HAL_Driver/Src/stm32f4xx_hal_flash_ex.o
 .debug_line    0x0000000000006b2a      0xb10 Drivers/STM32F4xx_HAL_Driver/Src/stm32f4xx_hal_gpio.o
 .debug_line    0x000000000000763a      0x89f Drivers/STM32F4xx_HAL_Driver/Src/stm32f4xx_hal_pwr_ex.o
 .debug_line    0x0000000000007ed9      0xcec Drivers/STM32F4xx_HAL_Driver/Src/stm32f4xx_hal_rcc.o
 .debug_line    0x0000000000008bc5     0x1a36 Drivers/STM32F4xx_HAL_Driver/Src/stm32f4xx_hal_uart.o

.debug_str      0x0000000000000000    0xcdd9d
 .debug_str     0x0000000000000000    0xcb15b Core/Src/crc.o
                                      0xcb3e4 (size before relaxing)
 .debug_str     0x00000000000cb15b       0xb0 Core/Src/gpio.o
                                      0xcb345 (size before relaxing)
 .debug_str     0x00000000000cb20b      0x9dd Core/Src/main.o
                                      0xcbe5c (size before relaxing)
 .debug_str     0x00000000000cbbe8       0x2c Core/Src/stm32f4xx_hal_msp.o
                                      0xcb2a8 (size before relaxing)
 .debug_str     0x00000000000cbc14       0xbd Core/Src/stm32f4xx_it.o
                                      0xcb223 (size before relaxing)
 .debug_str     0x00000000000cbcd1       0x5b Core/Src/system_stm32f4xx.o
                                      0xcb2a5 (size before relaxing)
 .debug_str     0x00000000000cbd2c       0x57 Core/Src/usart.o
                                      0xcb7aa (size before relaxing)
 .debug_str     0x00000000000cbd83       0x7f Core/Startup/startup_stm32f429zitx.o
 .debug_str     0x00000000000cbe02      0xb07 Drivers/STM32F4xx_HAL_Driver/Src/stm32f4xx_hal.o
                                      0xcbe26 (size before relaxing)
 .debug_str     0x00000000000cc909      0x38d Drivers/STM32F4xx_HAL_Driver/Src/stm32f4xx_hal_cortex.o
                                      0xcbbc7 (size before relaxing)
 .debug_str     0x00000000000ccc96       0xaa Drivers/STM32F4xx_HAL_Driver/Src/stm32f4xx_hal_crc.o
                                      0xcb2ec (size before relaxing)
 .debug_str     0x00000000000ccd40      0x2a4 Drivers/STM32F4xx_HAL_Driver/Src/stm32f4xx_hal_flash.o
                                      0xcb47d (size before relaxing)
 .debug_str     0x00000000000ccfe4      0x2de Drivers/STM32F4xx_HAL_Driver/Src/stm32f4xx_hal_flash_ex.o
                                      0xcb61a (size before relaxing)
 .debug_str     0x00000000000cd2c2      0x15a Drivers/STM32F4xx_HAL_Driver/Src/stm32f4xx_hal_gpio.o
                                      0xcb44c (size before relaxing)
 .debug_str     0x00000000000cd41c      0x135 Drivers/STM32F4xx_HAL_Driver/Src/stm32f4xx_hal_pwr_ex.o
                                      0xcb49d (size before relaxing)
 .debug_str     0x00000000000cd551      0x24e Drivers/STM32F4xx_HAL_Driver/Src/stm32f4xx_hal_rcc.o
                                      0xcb6a7 (size before relaxing)
 .debug_str     0x00000000000cd79f      0x5fe Drivers/STM32F4xx_HAL_Driver/Src/stm32f4xx_hal_uart.o
                                      0xcbbf6 (size before relaxing)

.comment        0x0000000000000000       0x53
 .comment       0x0000000000000000       0x53 Core/Src/crc.o
                                         0x54 (size before relaxing)
 .comment       0x0000000000000053       0x54 Core/Src/gpio.o
 .comment       0x0000000000000053       0x54 Core/Src/main.o
 .comment       0x0000000000000053       0x54 Core/Src/stm32f4xx_hal_msp.o
 .comment       0x0000000000000053       0x54 Core/Src/stm32f4xx_it.o
 .comment       0x0000000000000053       0x54 Core/Src/system_stm32f4xx.o
 .comment       0x0000000000000053       0x54 Core/Src/usart.o
 .comment       0x0000000000000053       0x54 Drivers/STM32F4xx_HAL_Driver/Src/stm32f4xx_hal.o
 .comment       0x0000000000000053       0x54 Drivers/STM32F4xx_HAL_Driver/Src/stm32f4xx_hal_cortex.o
 .comment       0x0000000000000053       0x54 Drivers/STM32F4xx_HAL_Driver/Src/stm32f4xx_hal_crc.o
 .comment       0x0000000000000053       0x54 Drivers/STM32F4xx_HAL_Driver/Src/stm32f4xx_hal_flash.o
 .comment       0x0000000000000053       0x54 Drivers/STM32F4xx_HAL_Driver/Src/stm32f4xx_hal_flash_ex.o
 .comment       0x0000000000000053       0x54 Drivers/STM32F4xx_HAL_Driver/Src/stm32f4xx_hal_gpio.o
 .comment       0x0000000000000053       0x54 Drivers/STM32F4xx_HAL_Driver/Src/stm32f4xx_hal_pwr_ex.o
 .comment       0x0000000000000053       0x54 Drivers/STM32F4xx_HAL_Driver/Src/stm32f4xx_hal_rcc.o
 .comment       0x0000000000000053       0x54 Drivers/STM32F4xx_HAL_Driver/Src/stm32f4xx_hal_uart.o

.debug_frame    0x0000000000000000     0x22bc
 .debug_frame   0x0000000000000000       0x7c Core/Src/crc.o
 .debug_frame   0x000000000000007c       0x34 Core/Src/gpio.o
 .debug_frame   0x00000000000000b0      0x258 Core/Src/main.o
 .debug_frame   0x0000000000000308       0x34 Core/Src/stm32f4xx_hal_msp.o
 .debug_frame   0x000000000000033c      0x104 Core/Src/stm32f4xx_it.o
 .debug_frame   0x0000000000000440       0x58 Core/Src/system_stm32f4xx.o
 .debug_frame   0x0000000000000498       0x74 Core/Src/usart.o
 .debug_frame   0x000000000000050c      0x3b4 Drivers/STM32F4xx_HAL_Driver/Src/stm32f4xx_hal.o
 .debug_frame   0x00000000000008c0      0x498 Drivers/STM32F4xx_HAL_Driver/Src/stm32f4xx_hal_cortex.o
 .debug_frame   0x0000000000000d58      0x120 Drivers/STM32F4xx_HAL_Driver/Src/stm32f4xx_hal_crc.o
 .debug_frame   0x0000000000000e78      0x274 Drivers/STM32F4xx_HAL_Driver/Src/stm32f4xx_hal_flash.o
 .debug_frame   0x00000000000010ec      0x378 Drivers/STM32F4xx_HAL_Driver/Src/stm32f4xx_hal_flash_ex.o
 .debug_frame   0x0000000000001464      0x14c Drivers/STM32F4xx_HAL_Driver/Src/stm32f4xx_hal_gpio.o
 .debug_frame   0x00000000000015b0      0x14c Drivers/STM32F4xx_HAL_Driver/Src/stm32f4xx_hal_pwr_ex.o
 .debug_frame   0x00000000000016fc      0x1f0 Drivers/STM32F4xx_HAL_Driver/Src/stm32f4xx_hal_rcc.o
 .debug_frame   0x00000000000018ec      0x924 Drivers/STM32F4xx_HAL_Driver/Src/stm32f4xx_hal_uart.o
 .debug_frame   0x0000000000002210       0x2c /opt/st/stm32cubeide_1.6.1/plugins/com.st.stm32cube.ide.mcu.externaltools.gnu-tools-for-stm32.9-2020-q2-update.linux64_1.5.0.202011040924/tools/bin/../lib/gcc/arm-none-eabi/9.3.1/../../../../arm-none-eabi/lib/thumb/v7e-m+fp/hard/libc_nano.a(lib_a-init.o)
 .debug_frame   0x000000000000223c       0x20 /opt/st/stm32cubeide_1.6.1/plugins/com.st.stm32cube.ide.mcu.externaltools.gnu-tools-for-stm32.9-2020-q2-update.linux64_1.5.0.202011040924/tools/bin/../lib/gcc/arm-none-eabi/9.3.1/../../../../arm-none-eabi/lib/thumb/v7e-m+fp/hard/libc_nano.a(lib_a-memset.o)
 .debug_frame   0x000000000000225c       0x2c /opt/st/stm32cubeide_1.6.1/plugins/com.st.stm32cube.ide.mcu.externaltools.gnu-tools-for-stm32.9-2020-q2-update.linux64_1.5.0.202011040924/tools/bin/../lib/gcc/arm-none-eabi/9.3.1/thumb/v7e-m+fp/hard/libgcc.a(_aeabi_uldivmod.o)
 .debug_frame   0x0000000000002288       0x34 /opt/st/stm32cubeide_1.6.1/plugins/com.st.stm32cube.ide.mcu.externaltools.gnu-tools-for-stm32.9-2020-q2-update.linux64_1.5.0.202011040924/tools/bin/../lib/gcc/arm-none-eabi/9.3.1/thumb/v7e-m+fp/hard/libgcc.a(_udivmoddi4.o)
