main.c:98:20:BL_VerifyCommand	24	static
main.c:124:20:BL_VerifyChecksum	24	static
main.c:160:13:BL_ReverseBytes	32	static
main.c:172:20:BL_Get	8	static
main.c:189:20:BL_GetVersionAndProtectionStatus	8	static
main.c:204:20:BL_GetID	8	static
main.c:219:20:BL_ReadMemory	16	static
main.c:299:20:BL_Go	24	static,ignoring_inline_asm
main.c:365:20:BL_WriteMemory	24	static
main.c:506:20:BL_EraseMemory	40	static
main.c:622:20:BL_WriteProtect	48	static
main.c:709:20:BL_WriteUnprotect	40	static
main.c:754:20:BL_ReadoutProtect	40	static
main.c:796:20:BL_ReadoutUnprotect	40	static
main.c:838:5:main	16	static
main.c:974:6:SystemClock_Config	88	static
main.c:1027:6:Error_Handler	4	static,ignoring_inline_asm
